// Jest Snapshot v1, https://goo.gl/fbAQLP

exports[`<PokemonCard/> renders correctly 1`] = `
<div
  className="styles__PokemonCardContainer-sc-1rlmv0d-0 ljUTdH"
  data-testid="pokemon-card"
>
  <a
    href="/pokemon/1"
    onClick={[Function]}
    onMouseEnter={[Function]}
  >
    <h2
      className="styles__PokemonName-sc-1rlmv0d-1 jqiFDT"
    >
      Bulbasaur
    </h2>
  </a>
  <p
    className="styles__PokemonNumber-sc-1rlmv0d-2 iUnciT"
  >
    #
    1
  </p>
  <div
    className="styles__PokemonTypeBadgeContainer-sc-1rlmv0d-3 blForx"
  >
    <span
      className="styles__PokemonTypeBadge-sc-1rlmv0d-4 kQwjYZ"
      type="Grass"
    >
      Grass
    </span>
    <span
      className="styles__PokemonTypeBadge-sc-1rlmv0d-4 iCowM"
      type="Poison"
    >
      Poison
    </span>
  </div>
  <div>
    <span
      className=" lazy-load-image-background blur"
      style={
        Object {
          "backgroundImage": "",
          "backgroundSize": "",
          "display": "inline-block",
          "height": "96px",
          "width": "96px",
        }
      }
    >
      <span
        className=""
        style={
          Object {
            "display": "inline-block",
            "height": "96px",
            "width": "96px",
          }
        }
      />
    </span>
  </div>
</div>
`;
