// Jest Snapshot v1, https://goo.gl/fbAQLP

exports[`<Navbar/> renders correctly 1`] = `
<nav
  className="styles__PageNavbar-nx2eqv-0 hniCCZ"
>
  <p>
    Pokedex
  </p>
  <form
    onSubmit={[Function]}
  >
    <input
      aria-label="search"
      className="styles__StyledInput-nx2eqv-1 dKWCkk"
      placeholder="Search Pokemon"
      type="search"
    />
  </form>
</nav>
`;
