// Jest Snapshot v1, https://goo.gl/fbAQLP

exports[`<PokemonNotFoundCard/> renders correctly 1`] = `
<div
  className="styles__NotFoundCard-sc-17i94m6-1 kUMET"
>
  <div>
    <h3>
      <span
        className="styles__EmojiWrapper-sc-17i94m6-0 hlA-Dvb"
      >
        <span
          aria-label="Scream"
          role="img"
        >
          😱
        </span>
      </span>
    </h3>
    <h3>
      No Pokemon found. Please refine your search
    </h3>
  </div>
</div>
`;
